// Jest Snapshot v1, https://goo.gl/fbAQLP

exports[`fetchTasks saga: should handle a 200 status response should dispatch "fillTasks" action 1`] = `
Object {
  "@@redux-saga/IO": true,
  "PUT": Object {
    "action": Object {
      "payload": Array [
        Object {
          "completed": true,
          "created": "2019-09-23T09:46:22.407Z",
          "favorite": false,
          "id": "5d88946eb808f5f760f45111",
          "message": "dry code",
          "modified": "2019-09-24T19:03:50.634Z",
        },
        Object {
          "completed": false,
          "created": "2019-09-23T09:46:22.407Z",
          "favorite": true,
          "id": "5d88946eb808f5f760f45000",
          "message": "clean code",
          "modified": "2019-09-24T19:03:50.634Z",
        },
      ],
      "type": "FILL_TASKS",
    },
    "channel": null,
  },
}
`;

exports[`fetchTasks saga: should handle a 200 status response should dispatch "stopFetching" action 1`] = `
Object {
  "@@redux-saga/IO": true,
  "PUT": Object {
    "action": Object {
      "type": "STOP_FETCHING",
    },
    "channel": null,
  },
}
`;
